[0.736s] DEBUG:colcon:Command line arguments: ['/usr/bin/colcon', 'build']
[0.737s] DEBUG:colcon:Parsed command line arguments: Namespace(log_base=None, log_level=None, verb_name='build', build_base='build', install_base='install', merge_install=False, symlink_install=False, test_result_base=None, continue_on_error=False, executor='parallel', parallel_workers=16, event_handlers=None, ignore_user_meta=False, metas=['./colcon.meta'], base_paths=['.'], packages_ignore=None, packages_ignore_regex=None, paths=None, packages_up_to=None, packages_up_to_regex=None, packages_above=None, packages_above_and_dependencies=None, packages_above_depth=None, packages_select_by_dep=None, packages_skip_by_dep=None, packages_skip_up_to=None, packages_select_build_failed=False, packages_skip_build_finished=False, packages_select_test_failures=False, packages_skip_test_passed=False, packages_select=None, packages_skip=None, packages_select_regex=None, packages_skip_regex=None, packages_start=None, packages_end=None, allow_overriding=[], cmake_args=None, cmake_target=None, cmake_target_skip_unavailable=False, cmake_clean_cache=False, cmake_clean_first=False, cmake_force_configure=False, ament_cmake_args=None, catkin_cmake_args=None, catkin_skip_building_tests=False, mixin_files=None, mixin=None, verb_parser=<colcon_mixin.mixin.mixin_argument.MixinArgumentDecorator object at 0x73e44db75c70>, verb_extension=<colcon_core.verb.build.BuildVerb object at 0x73e44db75850>, main=<bound method BuildVerb.main of <colcon_core.verb.build.BuildVerb object at 0x73e44db75850>>, mixin_verb=('build',))
[0.896s] Level 1:colcon.colcon_core.package_discovery:discover_packages(colcon_meta) check parameters
[0.896s] Level 1:colcon.colcon_core.package_discovery:discover_packages(recursive) check parameters
[0.896s] Level 1:colcon.colcon_core.package_discovery:discover_packages(ignore) check parameters
[0.896s] Level 1:colcon.colcon_core.package_discovery:discover_packages(path) check parameters
[0.896s] Level 1:colcon.colcon_core.package_discovery:discover_packages(colcon_meta) discover
[0.896s] Level 1:colcon.colcon_core.package_discovery:discover_packages(recursive) discover
[0.897s] INFO:colcon.colcon_core.package_discovery:Crawling recursively for packages in '/home/usernom-b/ros2_ws'
[0.899s] Level 1:colcon.colcon_core.package_identification:_identify(.) by extensions ['ignore', 'ignore_ament_install']
[0.899s] Level 1:colcon.colcon_core.package_identification:_identify(.) by extension 'ignore'
[0.900s] Level 1:colcon.colcon_core.package_identification:_identify(.) by extension 'ignore_ament_install'
[0.900s] Level 1:colcon.colcon_core.package_identification:_identify(.) by extensions ['colcon_pkg']
[0.900s] Level 1:colcon.colcon_core.package_identification:_identify(.) by extension 'colcon_pkg'
[0.900s] Level 1:colcon.colcon_core.package_identification:_identify(.) by extensions ['colcon_meta']
[0.900s] Level 1:colcon.colcon_core.package_identification:_identify(.) by extension 'colcon_meta'
[0.900s] Level 1:colcon.colcon_core.package_identification:_identify(.) by extensions ['ros']
[0.900s] Level 1:colcon.colcon_core.package_identification:_identify(.) by extension 'ros'
[0.986s] Level 1:colcon.colcon_core.package_identification:_identify(.) by extensions ['cmake', 'python']
[0.986s] Level 1:colcon.colcon_core.package_identification:_identify(.) by extension 'cmake'
[0.987s] Level 1:colcon.colcon_core.package_identification:_identify(.) by extension 'python'
[0.987s] Level 1:colcon.colcon_core.package_identification:_identify(.) by extensions ['python_setup_py']
[0.987s] Level 1:colcon.colcon_core.package_identification:_identify(.) by extension 'python_setup_py'
[0.988s] Level 1:colcon.colcon_core.package_identification:_identify(build) by extensions ['ignore', 'ignore_ament_install']
[0.988s] Level 1:colcon.colcon_core.package_identification:_identify(build) by extension 'ignore'
[0.988s] Level 1:colcon.colcon_core.package_identification:_identify(build) ignored
[0.989s] Level 1:colcon.colcon_core.package_identification:_identify(install) by extensions ['ignore', 'ignore_ament_install']
[0.990s] Level 1:colcon.colcon_core.package_identification:_identify(install) by extension 'ignore'
[0.990s] Level 1:colcon.colcon_core.package_identification:_identify(install) ignored
[0.990s] Level 1:colcon.colcon_core.package_identification:_identify(log) by extensions ['ignore', 'ignore_ament_install']
[0.990s] Level 1:colcon.colcon_core.package_identification:_identify(log) by extension 'ignore'
[0.990s] Level 1:colcon.colcon_core.package_identification:_identify(log) ignored
[0.990s] Level 1:colcon.colcon_core.package_identification:_identify(src) by extensions ['ignore', 'ignore_ament_install']
[0.991s] Level 1:colcon.colcon_core.package_identification:_identify(src) by extension 'ignore'
[0.991s] Level 1:colcon.colcon_core.package_identification:_identify(src) by extension 'ignore_ament_install'
[0.991s] Level 1:colcon.colcon_core.package_identification:_identify(src) by extensions ['colcon_pkg']
[0.991s] Level 1:colcon.colcon_core.package_identification:_identify(src) by extension 'colcon_pkg'
[0.991s] Level 1:colcon.colcon_core.package_identification:_identify(src) by extensions ['colcon_meta']
[0.991s] Level 1:colcon.colcon_core.package_identification:_identify(src) by extension 'colcon_meta'
[0.991s] Level 1:colcon.colcon_core.package_identification:_identify(src) by extensions ['ros']
[0.991s] Level 1:colcon.colcon_core.package_identification:_identify(src) by extension 'ros'
[0.991s] Level 1:colcon.colcon_core.package_identification:_identify(src) by extensions ['cmake', 'python']
[0.992s] Level 1:colcon.colcon_core.package_identification:_identify(src) by extension 'cmake'
[0.992s] Level 1:colcon.colcon_core.package_identification:_identify(src) by extension 'python'
[0.992s] Level 1:colcon.colcon_core.package_identification:_identify(src) by extensions ['python_setup_py']
[0.992s] Level 1:colcon.colcon_core.package_identification:_identify(src) by extension 'python_setup_py'
[0.992s] Level 1:colcon.colcon_core.package_identification:_identify(src/pid_tank_sim) by extensions ['ignore', 'ignore_ament_install']
[0.992s] Level 1:colcon.colcon_core.package_identification:_identify(src/pid_tank_sim) by extension 'ignore'
[0.992s] Level 1:colcon.colcon_core.package_identification:_identify(src/pid_tank_sim) by extension 'ignore_ament_install'
[0.992s] Level 1:colcon.colcon_core.package_identification:_identify(src/pid_tank_sim) by extensions ['colcon_pkg']
[0.992s] Level 1:colcon.colcon_core.package_identification:_identify(src/pid_tank_sim) by extension 'colcon_pkg'
[0.992s] Level 1:colcon.colcon_core.package_identification:_identify(src/pid_tank_sim) by extensions ['colcon_meta']
[0.992s] Level 1:colcon.colcon_core.package_identification:_identify(src/pid_tank_sim) by extension 'colcon_meta'
[0.993s] Level 1:colcon.colcon_core.package_identification:_identify(src/pid_tank_sim) by extensions ['ros']
[0.993s] Level 1:colcon.colcon_core.package_identification:_identify(src/pid_tank_sim) by extension 'ros'
[1.003s] DEBUG:colcon.colcon_core.package_identification:Package 'src/pid_tank_sim' with type 'ros.ament_python' and name 'pid_tank_sim'
[1.004s] Level 1:colcon.colcon_core.package_discovery:discover_packages(recursive) using defaults
[1.004s] Level 1:colcon.colcon_core.package_discovery:discover_packages(ignore) discover
[1.004s] Level 1:colcon.colcon_core.package_discovery:discover_packages(ignore) using defaults
[1.004s] Level 1:colcon.colcon_core.package_discovery:discover_packages(path) discover
[1.004s] Level 1:colcon.colcon_core.package_discovery:discover_packages(path) using defaults
[1.071s] Level 1:colcon.colcon_core.package_discovery:discover_packages(prefix_path) check parameters
[1.071s] Level 1:colcon.colcon_core.package_discovery:discover_packages(prefix_path) discover
[1.084s] DEBUG:colcon.colcon_installed_package_information.package_discovery:Found 332 installed packages in /opt/ros/jazzy
[1.088s] Level 1:colcon.colcon_core.package_discovery:discover_packages(prefix_path) using defaults
[1.351s] Level 5:colcon.colcon_core.verb:set package 'pid_tank_sim' build argument 'cmake_args' from command line to 'None'
[1.351s] Level 5:colcon.colcon_core.verb:set package 'pid_tank_sim' build argument 'cmake_target' from command line to 'None'
[1.352s] Level 5:colcon.colcon_core.verb:set package 'pid_tank_sim' build argument 'cmake_target_skip_unavailable' from command line to 'False'
[1.352s] Level 5:colcon.colcon_core.verb:set package 'pid_tank_sim' build argument 'cmake_clean_cache' from command line to 'False'
[1.352s] Level 5:colcon.colcon_core.verb:set package 'pid_tank_sim' build argument 'cmake_clean_first' from command line to 'False'
[1.352s] Level 5:colcon.colcon_core.verb:set package 'pid_tank_sim' build argument 'cmake_force_configure' from command line to 'False'
[1.352s] Level 5:colcon.colcon_core.verb:set package 'pid_tank_sim' build argument 'ament_cmake_args' from command line to 'None'
[1.352s] Level 5:colcon.colcon_core.verb:set package 'pid_tank_sim' build argument 'catkin_cmake_args' from command line to 'None'
[1.352s] Level 5:colcon.colcon_core.verb:set package 'pid_tank_sim' build argument 'catkin_skip_building_tests' from command line to 'False'
[1.352s] DEBUG:colcon.colcon_core.verb:Building package 'pid_tank_sim' with the following arguments: {'ament_cmake_args': None, 'build_base': '/home/usernom-b/ros2_ws/build/pid_tank_sim', 'catkin_cmake_args': None, 'catkin_skip_building_tests': False, 'cmake_args': None, 'cmake_clean_cache': False, 'cmake_clean_first': False, 'cmake_force_configure': False, 'cmake_target': None, 'cmake_target_skip_unavailable': False, 'install_base': '/home/usernom-b/ros2_ws/install/pid_tank_sim', 'merge_install': False, 'path': '/home/usernom-b/ros2_ws/src/pid_tank_sim', 'symlink_install': False, 'test_result_base': None}
[1.352s] INFO:colcon.colcon_core.executor:Executing jobs using 'parallel' executor
[1.355s] DEBUG:colcon.colcon_parallel_executor.executor.parallel:run_until_complete
[1.356s] INFO:colcon.colcon_ros.task.ament_python.build:Building ROS package in '/home/usernom-b/ros2_ws/src/pid_tank_sim' with build type 'ament_python'
[1.356s] Level 1:colcon.colcon_core.shell:create_environment_hook('pid_tank_sim', 'ament_prefix_path')
[1.369s] INFO:colcon.colcon_core.plugin_system:Skipping extension 'colcon_core.shell.bat': Not used on non-Windows systems
[1.369s] INFO:colcon.colcon_core.shell:Creating environment hook '/home/usernom-b/ros2_ws/install/pid_tank_sim/share/pid_tank_sim/hook/ament_prefix_path.ps1'
[1.373s] INFO:colcon.colcon_core.shell:Creating environment descriptor '/home/usernom-b/ros2_ws/install/pid_tank_sim/share/pid_tank_sim/hook/ament_prefix_path.dsv'
[1.375s] INFO:colcon.colcon_core.shell:Creating environment hook '/home/usernom-b/ros2_ws/install/pid_tank_sim/share/pid_tank_sim/hook/ament_prefix_path.sh'
[1.377s] INFO:colcon.colcon_core.shell:Skip shell extension 'powershell' for command environment: Not usable outside of PowerShell
[1.377s] DEBUG:colcon.colcon_core.shell:Skip shell extension 'dsv' for command environment
[1.870s] INFO:colcon.colcon_core.task.python.build:Building Python package in '/home/usernom-b/ros2_ws/src/pid_tank_sim'
[1.871s] INFO:colcon.colcon_core.shell:Skip shell extension 'powershell' for command environment: Not usable outside of PowerShell
[1.871s] DEBUG:colcon.colcon_core.shell:Skip shell extension 'dsv' for command environment
[3.746s] DEBUG:colcon.colcon_core.event_handler.log_command:Invoking command in '/home/usernom-b/ros2_ws/build/pid_tank_sim': PYTHONPATH=/home/usernom-b/ros2_ws/build/pid_tank_sim/prefix_override:/usr/lib/python3/dist-packages/colcon_core/task/python/colcon_distutils_commands:/home/usernom-b/ros2_ws/install/pid_tank_sim/lib/python3.12/site-packages:${PYTHONPATH} /usr/bin/python3 -W ignore:setup.py install is deprecated -W ignore:easy_install command is deprecated setup.py develop --uninstall --editable --build-directory /home/usernom-b/ros2_ws/build/pid_tank_sim/build
[4.832s] DEBUG:colcon.colcon_core.event_handler.log_command:Invoked command in '/home/usernom-b/ros2_ws/build/pid_tank_sim' returned '0': PYTHONPATH=/home/usernom-b/ros2_ws/build/pid_tank_sim/prefix_override:/usr/lib/python3/dist-packages/colcon_core/task/python/colcon_distutils_commands:/home/usernom-b/ros2_ws/install/pid_tank_sim/lib/python3.12/site-packages:${PYTHONPATH} /usr/bin/python3 -W ignore:setup.py install is deprecated -W ignore:easy_install command is deprecated setup.py develop --uninstall --editable --build-directory /home/usernom-b/ros2_ws/build/pid_tank_sim/build
[4.834s] DEBUG:colcon.colcon_core.event_handler.log_command:Invoking command in '/home/usernom-b/ros2_ws/src/pid_tank_sim': PYTHONPATH=/home/usernom-b/ros2_ws/build/pid_tank_sim/prefix_override:/usr/lib/python3/dist-packages/colcon_core/task/python/colcon_distutils_commands:/home/usernom-b/ros2_ws/install/pid_tank_sim/lib/python3.12/site-packages:${PYTHONPATH} /usr/bin/python3 -W ignore:setup.py install is deprecated -W ignore:easy_install command is deprecated setup.py egg_info --egg-base ../../build/pid_tank_sim build --build-base /home/usernom-b/ros2_ws/build/pid_tank_sim/build install --record /home/usernom-b/ros2_ws/build/pid_tank_sim/install.log --single-version-externally-managed install_data --force
[5.933s] DEBUG:colcon.colcon_core.event_handler.log_command:Invoked command in '/home/usernom-b/ros2_ws/src/pid_tank_sim' returned '0': PYTHONPATH=/home/usernom-b/ros2_ws/build/pid_tank_sim/prefix_override:/usr/lib/python3/dist-packages/colcon_core/task/python/colcon_distutils_commands:/home/usernom-b/ros2_ws/install/pid_tank_sim/lib/python3.12/site-packages:${PYTHONPATH} /usr/bin/python3 -W ignore:setup.py install is deprecated -W ignore:easy_install command is deprecated setup.py egg_info --egg-base ../../build/pid_tank_sim build --build-base /home/usernom-b/ros2_ws/build/pid_tank_sim/build install --record /home/usernom-b/ros2_ws/build/pid_tank_sim/install.log --single-version-externally-managed install_data --force
[5.955s] Level 1:colcon.colcon_core.environment:checking '/home/usernom-b/ros2_ws/install/pid_tank_sim' for CMake module files
[5.956s] Level 1:colcon.colcon_core.environment:checking '/home/usernom-b/ros2_ws/install/pid_tank_sim' for CMake config files
[5.965s] Level 1:colcon.colcon_core.environment:checking '/home/usernom-b/ros2_ws/install/pid_tank_sim/lib'
[5.965s] Level 1:colcon.colcon_core.environment:checking '/home/usernom-b/ros2_ws/install/pid_tank_sim/bin'
[5.966s] Level 1:colcon.colcon_core.environment:checking '/home/usernom-b/ros2_ws/install/pid_tank_sim/lib/pkgconfig/pid_tank_sim.pc'
[5.966s] Level 1:colcon.colcon_core.environment:checking '/home/usernom-b/ros2_ws/install/pid_tank_sim/lib/python3.12/site-packages'
[5.966s] Level 1:colcon.colcon_core.shell:create_environment_hook('pid_tank_sim', 'pythonpath')
[5.967s] INFO:colcon.colcon_core.shell:Creating environment hook '/home/usernom-b/ros2_ws/install/pid_tank_sim/share/pid_tank_sim/hook/pythonpath.ps1'
[5.969s] INFO:colcon.colcon_core.shell:Creating environment descriptor '/home/usernom-b/ros2_ws/install/pid_tank_sim/share/pid_tank_sim/hook/pythonpath.dsv'
[5.970s] INFO:colcon.colcon_core.shell:Creating environment hook '/home/usernom-b/ros2_ws/install/pid_tank_sim/share/pid_tank_sim/hook/pythonpath.sh'
[5.971s] Level 1:colcon.colcon_core.environment:checking '/home/usernom-b/ros2_ws/install/pid_tank_sim/bin'
[5.971s] Level 1:colcon.colcon_core.environment:create_environment_scripts_only(pid_tank_sim)
[5.972s] INFO:colcon.colcon_core.shell:Creating package script '/home/usernom-b/ros2_ws/install/pid_tank_sim/share/pid_tank_sim/package.ps1'
[5.974s] INFO:colcon.colcon_core.shell:Creating package descriptor '/home/usernom-b/ros2_ws/install/pid_tank_sim/share/pid_tank_sim/package.dsv'
[5.976s] INFO:colcon.colcon_core.shell:Creating package script '/home/usernom-b/ros2_ws/install/pid_tank_sim/share/pid_tank_sim/package.sh'
[5.978s] INFO:colcon.colcon_core.shell:Creating package script '/home/usernom-b/ros2_ws/install/pid_tank_sim/share/pid_tank_sim/package.bash'
[5.981s] INFO:colcon.colcon_core.shell:Creating package script '/home/usernom-b/ros2_ws/install/pid_tank_sim/share/pid_tank_sim/package.zsh'
[5.983s] Level 1:colcon.colcon_core.environment:create_file_with_runtime_dependencies(/home/usernom-b/ros2_ws/install/pid_tank_sim/share/colcon-core/packages/pid_tank_sim)
[5.985s] DEBUG:colcon.colcon_parallel_executor.executor.parallel:closing loop
[5.986s] DEBUG:colcon.colcon_parallel_executor.executor.parallel:loop closed
[5.987s] DEBUG:colcon.colcon_parallel_executor.executor.parallel:run_until_complete finished with '0'
[5.987s] DEBUG:colcon.colcon_core.event_reactor:joining thread
[6.066s] INFO:colcon.colcon_core.plugin_system:Skipping extension 'colcon_notification.desktop_notification.notify_send': Could not find 'notify-send'
[6.066s] INFO:colcon.colcon_core.plugin_system:Skipping extension 'colcon_notification.desktop_notification.terminal_notifier': Not used on non-Darwin systems
[6.066s] INFO:colcon.colcon_core.plugin_system:Skipping extension 'colcon_notification.desktop_notification.win32': Not used on non-Windows systems
[6.066s] INFO:colcon.colcon_notification.desktop_notification:Sending desktop notification using 'notify2'
[6.072s] DEBUG:colcon.colcon_notification.desktop_notification.notify2:Failed to initialize notify2: org.freedesktop.DBus.Error.ServiceUnknown: The name org.freedesktop.Notifications was not provided by any .service files
[6.073s] DEBUG:colcon.colcon_core.event_reactor:joined thread
[6.073s] INFO:colcon.colcon_core.shell:Creating prefix script '/home/usernom-b/ros2_ws/install/local_setup.ps1'
[6.076s] INFO:colcon.colcon_core.shell:Creating prefix util module '/home/usernom-b/ros2_ws/install/_local_setup_util_ps1.py'
[6.079s] INFO:colcon.colcon_core.shell:Creating prefix chain script '/home/usernom-b/ros2_ws/install/setup.ps1'
[6.081s] INFO:colcon.colcon_core.shell:Creating prefix script '/home/usernom-b/ros2_ws/install/local_setup.sh'
[6.083s] INFO:colcon.colcon_core.shell:Creating prefix util module '/home/usernom-b/ros2_ws/install/_local_setup_util_sh.py'
[6.084s] INFO:colcon.colcon_core.shell:Creating prefix chain script '/home/usernom-b/ros2_ws/install/setup.sh'
[6.087s] INFO:colcon.colcon_core.shell:Creating prefix script '/home/usernom-b/ros2_ws/install/local_setup.bash'
[6.089s] INFO:colcon.colcon_core.shell:Creating prefix chain script '/home/usernom-b/ros2_ws/install/setup.bash'
[6.092s] INFO:colcon.colcon_core.shell:Creating prefix script '/home/usernom-b/ros2_ws/install/local_setup.zsh'
[6.094s] INFO:colcon.colcon_core.shell:Creating prefix chain script '/home/usernom-b/ros2_ws/install/setup.zsh'
