[2.183s] Invoking command in '/home/usernom-b/ros2_ws/src/pid_tank_sim': PYTHONPATH=/home/usernom-b/ros2_ws/build/pid_tank_sim/prefix_override:/usr/lib/python3/dist-packages/colcon_core/task/python/colcon_distutils_commands:/home/usernom-b/ros2_ws/install/pid_tank_sim/lib/python3.12/site-packages:${PYTHONPATH} /usr/bin/python3 -W ignore:setup.py install is deprecated -W ignore:easy_install command is deprecated setup.py egg_info --egg-base ../../build/pid_tank_sim build --build-base /home/usernom-b/ros2_ws/build/pid_tank_sim/build install --record /home/usernom-b/ros2_ws/build/pid_tank_sim/install.log --single-version-externally-managed install_data
[2.712s] running egg_info
[2.751s] writing ../../build/pid_tank_sim/pid_tank_sim.egg-info/PKG-INFO
[2.752s] writing dependency_links to ../../build/pid_tank_sim/pid_tank_sim.egg-info/dependency_links.txt
[2.753s] writing entry points to ../../build/pid_tank_sim/pid_tank_sim.egg-info/entry_points.txt
[2.753s] writing requirements to ../../build/pid_tank_sim/pid_tank_sim.egg-info/requires.txt
[2.753s] writing top-level names to ../../build/pid_tank_sim/pid_tank_sim.egg-info/top_level.txt
[2.827s] reading manifest file '../../build/pid_tank_sim/pid_tank_sim.egg-info/SOURCES.txt'
[2.830s] writing manifest file '../../build/pid_tank_sim/pid_tank_sim.egg-info/SOURCES.txt'
[2.831s] running build
[2.831s] running build_py
[2.832s] copying pid_tank_sim/sim_node.py -> /home/usernom-b/ros2_ws/build/pid_tank_sim/build/lib/pid_tank_sim
[2.832s] running install
[2.845s] running install_lib
[2.881s] copying /home/usernom-b/ros2_ws/build/pid_tank_sim/build/lib/pid_tank_sim/sim_node.py -> /home/usernom-b/ros2_ws/install/pid_tank_sim/lib/python3.12/site-packages/pid_tank_sim
[2.882s] byte-compiling /home/usernom-b/ros2_ws/install/pid_tank_sim/lib/python3.12/site-packages/pid_tank_sim/sim_node.py to sim_node.cpython-312.pyc
[2.889s] running install_data
[2.889s] running install_egg_info
[2.926s] removing '/home/usernom-b/ros2_ws/install/pid_tank_sim/lib/python3.12/site-packages/pid_tank_sim-0.0.1-py3.12.egg-info' (and everything under it)
[2.927s] Copying ../../build/pid_tank_sim/pid_tank_sim.egg-info to /home/usernom-b/ros2_ws/install/pid_tank_sim/lib/python3.12/site-packages/pid_tank_sim-0.0.1-py3.12.egg-info
[2.931s] running install_scripts
[3.196s] Installing sim_node script to /home/usernom-b/ros2_ws/install/pid_tank_sim/lib/pid_tank_sim
[3.197s] writing list of installed files to '/home/usernom-b/ros2_ws/build/pid_tank_sim/install.log'
[3.257s] Invoked command in '/home/usernom-b/ros2_ws/src/pid_tank_sim' returned '0': PYTHONPATH=/home/usernom-b/ros2_ws/build/pid_tank_sim/prefix_override:/usr/lib/python3/dist-packages/colcon_core/task/python/colcon_distutils_commands:/home/usernom-b/ros2_ws/install/pid_tank_sim/lib/python3.12/site-packages:${PYTHONPATH} /usr/bin/python3 -W ignore:setup.py install is deprecated -W ignore:easy_install command is deprecated setup.py egg_info --egg-base ../../build/pid_tank_sim build --build-base /home/usernom-b/ros2_ws/build/pid_tank_sim/build install --record /home/usernom-b/ros2_ws/build/pid_tank_sim/install.log --single-version-externally-managed install_data
