[0.481s] DEBUG:colcon:Command line arguments: ['/usr/bin/colcon', 'build']
[0.481s] DEBUG:colcon:Parsed command line arguments: Namespace(log_base=None, log_level=None, verb_name='build', build_base='build', install_base='install', merge_install=False, symlink_install=False, test_result_base=None, continue_on_error=False, executor='parallel', parallel_workers=16, event_handlers=None, ignore_user_meta=False, metas=['./colcon.meta'], base_paths=['.'], packages_ignore=None, packages_ignore_regex=None, paths=None, packages_up_to=None, packages_up_to_regex=None, packages_above=None, packages_above_and_dependencies=None, packages_above_depth=None, packages_select_by_dep=None, packages_skip_by_dep=None, packages_skip_up_to=None, packages_select_build_failed=False, packages_skip_build_finished=False, packages_select_test_failures=False, packages_skip_test_passed=False, packages_select=None, packages_skip=None, packages_select_regex=None, packages_skip_regex=None, packages_start=None, packages_end=None, allow_overriding=[], cmake_args=None, cmake_target=None, cmake_target_skip_unavailable=False, cmake_clean_cache=False, cmake_clean_first=False, cmake_force_configure=False, ament_cmake_args=None, catkin_cmake_args=None, catkin_skip_building_tests=False, mixin_files=None, mixin=None, verb_parser=<colcon_mixin.mixin.mixin_argument.MixinArgumentDecorator object at 0x74bdd517a3f0>, verb_extension=<colcon_core.verb.build.BuildVerb object at 0x74bdd603e570>, main=<bound method BuildVerb.main of <colcon_core.verb.build.BuildVerb object at 0x74bdd603e570>>, mixin_verb=('build',))
[0.624s] Level 1:colcon.colcon_core.package_discovery:discover_packages(colcon_meta) check parameters
[0.625s] Level 1:colcon.colcon_core.package_discovery:discover_packages(recursive) check parameters
[0.625s] Level 1:colcon.colcon_core.package_discovery:discover_packages(ignore) check parameters
[0.625s] Level 1:colcon.colcon_core.package_discovery:discover_packages(path) check parameters
[0.625s] Level 1:colcon.colcon_core.package_discovery:discover_packages(colcon_meta) discover
[0.625s] Level 1:colcon.colcon_core.package_discovery:discover_packages(recursive) discover
[0.625s] INFO:colcon.colcon_core.package_discovery:Crawling recursively for packages in '/home/usernom-b/ros2_ws'
[0.625s] Level 1:colcon.colcon_core.package_identification:_identify(.) by extensions ['ignore', 'ignore_ament_install']
[0.626s] Level 1:colcon.colcon_core.package_identification:_identify(.) by extension 'ignore'
[0.626s] Level 1:colcon.colcon_core.package_identification:_identify(.) by extension 'ignore_ament_install'
[0.626s] Level 1:colcon.colcon_core.package_identification:_identify(.) by extensions ['colcon_pkg']
[0.626s] Level 1:colcon.colcon_core.package_identification:_identify(.) by extension 'colcon_pkg'
[0.626s] Level 1:colcon.colcon_core.package_identification:_identify(.) by extensions ['colcon_meta']
[0.626s] Level 1:colcon.colcon_core.package_identification:_identify(.) by extension 'colcon_meta'
[0.626s] Level 1:colcon.colcon_core.package_identification:_identify(.) by extensions ['ros']
[0.626s] Level 1:colcon.colcon_core.package_identification:_identify(.) by extension 'ros'
[0.682s] Level 1:colcon.colcon_core.package_identification:_identify(.) by extensions ['cmake', 'python']
[0.682s] Level 1:colcon.colcon_core.package_identification:_identify(.) by extension 'cmake'
[0.683s] Level 1:colcon.colcon_core.package_identification:_identify(.) by extension 'python'
[0.683s] Level 1:colcon.colcon_core.package_identification:_identify(.) by extensions ['python_setup_py']
[0.683s] Level 1:colcon.colcon_core.package_identification:_identify(.) by extension 'python_setup_py'
[0.683s] Level 1:colcon.colcon_core.package_identification:_identify(build) by extensions ['ignore', 'ignore_ament_install']
[0.683s] Level 1:colcon.colcon_core.package_identification:_identify(build) by extension 'ignore'
[0.683s] Level 1:colcon.colcon_core.package_identification:_identify(build) ignored
[0.684s] Level 1:colcon.colcon_core.package_identification:_identify(install) by extensions ['ignore', 'ignore_ament_install']
[0.684s] Level 1:colcon.colcon_core.package_identification:_identify(install) by extension 'ignore'
[0.684s] Level 1:colcon.colcon_core.package_identification:_identify(install) ignored
[0.684s] Level 1:colcon.colcon_core.package_identification:_identify(log) by extensions ['ignore', 'ignore_ament_install']
[0.684s] Level 1:colcon.colcon_core.package_identification:_identify(log) by extension 'ignore'
[0.684s] Level 1:colcon.colcon_core.package_identification:_identify(log) ignored
[0.685s] Level 1:colcon.colcon_core.package_identification:_identify(src) by extensions ['ignore', 'ignore_ament_install']
[0.685s] Level 1:colcon.colcon_core.package_identification:_identify(src) by extension 'ignore'
[0.685s] Level 1:colcon.colcon_core.package_identification:_identify(src) by extension 'ignore_ament_install'
[0.685s] Level 1:colcon.colcon_core.package_identification:_identify(src) by extensions ['colcon_pkg']
[0.685s] Level 1:colcon.colcon_core.package_identification:_identify(src) by extension 'colcon_pkg'
[0.685s] Level 1:colcon.colcon_core.package_identification:_identify(src) by extensions ['colcon_meta']
[0.685s] Level 1:colcon.colcon_core.package_identification:_identify(src) by extension 'colcon_meta'
[0.685s] Level 1:colcon.colcon_core.package_identification:_identify(src) by extensions ['ros']
[0.685s] Level 1:colcon.colcon_core.package_identification:_identify(src) by extension 'ros'
[0.685s] Level 1:colcon.colcon_core.package_identification:_identify(src) by extensions ['cmake', 'python']
[0.685s] Level 1:colcon.colcon_core.package_identification:_identify(src) by extension 'cmake'
[0.685s] Level 1:colcon.colcon_core.package_identification:_identify(src) by extension 'python'
[0.686s] Level 1:colcon.colcon_core.package_identification:_identify(src) by extensions ['python_setup_py']
[0.686s] Level 1:colcon.colcon_core.package_identification:_identify(src) by extension 'python_setup_py'
[0.686s] Level 1:colcon.colcon_core.package_identification:_identify(src/ekf_slam) by extensions ['ignore', 'ignore_ament_install']
[0.686s] Level 1:colcon.colcon_core.package_identification:_identify(src/ekf_slam) by extension 'ignore'
[0.686s] Level 1:colcon.colcon_core.package_identification:_identify(src/ekf_slam) by extension 'ignore_ament_install'
[0.686s] Level 1:colcon.colcon_core.package_identification:_identify(src/ekf_slam) by extensions ['colcon_pkg']
[0.686s] Level 1:colcon.colcon_core.package_identification:_identify(src/ekf_slam) by extension 'colcon_pkg'
[0.686s] Level 1:colcon.colcon_core.package_identification:_identify(src/ekf_slam) by extensions ['colcon_meta']
[0.686s] Level 1:colcon.colcon_core.package_identification:_identify(src/ekf_slam) by extension 'colcon_meta'
[0.686s] Level 1:colcon.colcon_core.package_identification:_identify(src/ekf_slam) by extensions ['ros']
[0.686s] Level 1:colcon.colcon_core.package_identification:_identify(src/ekf_slam) by extension 'ros'
[0.697s] DEBUG:colcon.colcon_core.package_identification:Package 'src/ekf_slam' with type 'ros.ament_python' and name 'ekf_slam'
[0.697s] Level 1:colcon.colcon_core.package_identification:_identify(src/pid_tank_sim) by extensions ['ignore', 'ignore_ament_install']
[0.697s] Level 1:colcon.colcon_core.package_identification:_identify(src/pid_tank_sim) by extension 'ignore'
[0.697s] Level 1:colcon.colcon_core.package_identification:_identify(src/pid_tank_sim) by extension 'ignore_ament_install'
[0.698s] Level 1:colcon.colcon_core.package_identification:_identify(src/pid_tank_sim) by extensions ['colcon_pkg']
[0.698s] Level 1:colcon.colcon_core.package_identification:_identify(src/pid_tank_sim) by extension 'colcon_pkg'
[0.698s] Level 1:colcon.colcon_core.package_identification:_identify(src/pid_tank_sim) by extensions ['colcon_meta']
[0.698s] Level 1:colcon.colcon_core.package_identification:_identify(src/pid_tank_sim) by extension 'colcon_meta'
[0.698s] Level 1:colcon.colcon_core.package_identification:_identify(src/pid_tank_sim) by extensions ['ros']
[0.698s] Level 1:colcon.colcon_core.package_identification:_identify(src/pid_tank_sim) by extension 'ros'
[0.699s] DEBUG:colcon.colcon_core.package_identification:Package 'src/pid_tank_sim' with type 'ros.ament_python' and name 'pid_tank_sim'
[0.699s] Level 1:colcon.colcon_core.package_discovery:discover_packages(recursive) using defaults
[0.699s] Level 1:colcon.colcon_core.package_discovery:discover_packages(ignore) discover
[0.699s] Level 1:colcon.colcon_core.package_discovery:discover_packages(ignore) using defaults
[0.699s] Level 1:colcon.colcon_core.package_discovery:discover_packages(path) discover
[0.699s] Level 1:colcon.colcon_core.package_discovery:discover_packages(path) using defaults
[0.763s] Level 1:colcon.colcon_core.package_discovery:discover_packages(prefix_path) check parameters
[0.763s] Level 1:colcon.colcon_core.package_discovery:discover_packages(prefix_path) discover
[0.772s] DEBUG:colcon.colcon_installed_package_information.package_discovery:Found 2 installed packages in /home/usernom-b/ekf_slam_ws/install
[0.773s] DEBUG:colcon.colcon_installed_package_information.package_discovery:Found 1 installed packages in /home/usernom-b/ros2_ws/install
[0.779s] DEBUG:colcon.colcon_installed_package_information.package_discovery:Found 332 installed packages in /opt/ros/jazzy
[0.782s] Level 1:colcon.colcon_core.package_discovery:discover_packages(prefix_path) using defaults
[0.986s] Level 5:colcon.colcon_core.verb:set package 'ekf_slam' build argument 'cmake_args' from command line to 'None'
[0.986s] Level 5:colcon.colcon_core.verb:set package 'ekf_slam' build argument 'cmake_target' from command line to 'None'
[0.986s] Level 5:colcon.colcon_core.verb:set package 'ekf_slam' build argument 'cmake_target_skip_unavailable' from command line to 'False'
[0.986s] Level 5:colcon.colcon_core.verb:set package 'ekf_slam' build argument 'cmake_clean_cache' from command line to 'False'
[0.986s] Level 5:colcon.colcon_core.verb:set package 'ekf_slam' build argument 'cmake_clean_first' from command line to 'False'
[0.986s] Level 5:colcon.colcon_core.verb:set package 'ekf_slam' build argument 'cmake_force_configure' from command line to 'False'
[0.986s] Level 5:colcon.colcon_core.verb:set package 'ekf_slam' build argument 'ament_cmake_args' from command line to 'None'
[0.986s] Level 5:colcon.colcon_core.verb:set package 'ekf_slam' build argument 'catkin_cmake_args' from command line to 'None'
[0.986s] Level 5:colcon.colcon_core.verb:set package 'ekf_slam' build argument 'catkin_skip_building_tests' from command line to 'False'
[0.986s] DEBUG:colcon.colcon_core.verb:Building package 'ekf_slam' with the following arguments: {'ament_cmake_args': None, 'build_base': '/home/usernom-b/ros2_ws/build/ekf_slam', 'catkin_cmake_args': None, 'catkin_skip_building_tests': False, 'cmake_args': None, 'cmake_clean_cache': False, 'cmake_clean_first': False, 'cmake_force_configure': False, 'cmake_target': None, 'cmake_target_skip_unavailable': False, 'install_base': '/home/usernom-b/ros2_ws/install/ekf_slam', 'merge_install': False, 'path': '/home/usernom-b/ros2_ws/src/ekf_slam', 'symlink_install': False, 'test_result_base': None}
[0.987s] Level 5:colcon.colcon_core.verb:set package 'pid_tank_sim' build argument 'cmake_args' from command line to 'None'
[0.987s] Level 5:colcon.colcon_core.verb:set package 'pid_tank_sim' build argument 'cmake_target' from command line to 'None'
[0.987s] Level 5:colcon.colcon_core.verb:set package 'pid_tank_sim' build argument 'cmake_target_skip_unavailable' from command line to 'False'
[0.987s] Level 5:colcon.colcon_core.verb:set package 'pid_tank_sim' build argument 'cmake_clean_cache' from command line to 'False'
[0.987s] Level 5:colcon.colcon_core.verb:set package 'pid_tank_sim' build argument 'cmake_clean_first' from command line to 'False'
[0.987s] Level 5:colcon.colcon_core.verb:set package 'pid_tank_sim' build argument 'cmake_force_configure' from command line to 'False'
[0.987s] Level 5:colcon.colcon_core.verb:set package 'pid_tank_sim' build argument 'ament_cmake_args' from command line to 'None'
[0.987s] Level 5:colcon.colcon_core.verb:set package 'pid_tank_sim' build argument 'catkin_cmake_args' from command line to 'None'
[0.987s] Level 5:colcon.colcon_core.verb:set package 'pid_tank_sim' build argument 'catkin_skip_building_tests' from command line to 'False'
[0.987s] DEBUG:colcon.colcon_core.verb:Building package 'pid_tank_sim' with the following arguments: {'ament_cmake_args': None, 'build_base': '/home/usernom-b/ros2_ws/build/pid_tank_sim', 'catkin_cmake_args': None, 'catkin_skip_building_tests': False, 'cmake_args': None, 'cmake_clean_cache': False, 'cmake_clean_first': False, 'cmake_force_configure': False, 'cmake_target': None, 'cmake_target_skip_unavailable': False, 'install_base': '/home/usernom-b/ros2_ws/install/pid_tank_sim', 'merge_install': False, 'path': '/home/usernom-b/ros2_ws/src/pid_tank_sim', 'symlink_install': False, 'test_result_base': None}
[0.987s] INFO:colcon.colcon_core.executor:Executing jobs using 'parallel' executor
[0.989s] DEBUG:colcon.colcon_parallel_executor.executor.parallel:run_until_complete
[0.990s] INFO:colcon.colcon_ros.task.ament_python.build:Building ROS package in '/home/usernom-b/ros2_ws/src/ekf_slam' with build type 'ament_python'
[0.991s] Level 1:colcon.colcon_core.shell:create_environment_hook('ekf_slam', 'ament_prefix_path')
[1.001s] INFO:colcon.colcon_core.plugin_system:Skipping extension 'colcon_core.shell.bat': Not used on non-Windows systems
[1.001s] INFO:colcon.colcon_core.shell:Creating environment hook '/home/usernom-b/ros2_ws/install/ekf_slam/share/ekf_slam/hook/ament_prefix_path.ps1'
[1.004s] INFO:colcon.colcon_core.shell:Creating environment descriptor '/home/usernom-b/ros2_ws/install/ekf_slam/share/ekf_slam/hook/ament_prefix_path.dsv'
[1.005s] INFO:colcon.colcon_core.shell:Creating environment hook '/home/usernom-b/ros2_ws/install/ekf_slam/share/ekf_slam/hook/ament_prefix_path.sh'
[1.006s] INFO:colcon.colcon_core.shell:Skip shell extension 'powershell' for command environment: Not usable outside of PowerShell
[1.006s] DEBUG:colcon.colcon_core.shell:Skip shell extension 'dsv' for command environment
[1.014s] INFO:colcon.colcon_ros.task.ament_python.build:Building ROS package in '/home/usernom-b/ros2_ws/src/pid_tank_sim' with build type 'ament_python'
[1.014s] Level 1:colcon.colcon_core.shell:create_environment_hook('pid_tank_sim', 'ament_prefix_path')
[1.015s] INFO:colcon.colcon_core.shell:Creating environment hook '/home/usernom-b/ros2_ws/install/pid_tank_sim/share/pid_tank_sim/hook/ament_prefix_path.ps1'
[1.017s] INFO:colcon.colcon_core.shell:Creating environment descriptor '/home/usernom-b/ros2_ws/install/pid_tank_sim/share/pid_tank_sim/hook/ament_prefix_path.dsv'
[1.018s] INFO:colcon.colcon_core.shell:Creating environment hook '/home/usernom-b/ros2_ws/install/pid_tank_sim/share/pid_tank_sim/hook/ament_prefix_path.sh'
[1.019s] INFO:colcon.colcon_core.shell:Skip shell extension 'powershell' for command environment: Not usable outside of PowerShell
[1.019s] DEBUG:colcon.colcon_core.shell:Skip shell extension 'dsv' for command environment
[1.474s] INFO:colcon.colcon_core.task.python.build:Building Python package in '/home/usernom-b/ros2_ws/src/ekf_slam'
[1.475s] INFO:colcon.colcon_core.shell:Skip shell extension 'powershell' for command environment: Not usable outside of PowerShell
[1.475s] DEBUG:colcon.colcon_core.shell:Skip shell extension 'dsv' for command environment
[1.910s] INFO:colcon.colcon_core.task.python.build:Building Python package in '/home/usernom-b/ros2_ws/src/pid_tank_sim'
[1.910s] INFO:colcon.colcon_core.shell:Skip shell extension 'powershell' for command environment: Not usable outside of PowerShell
[1.910s] DEBUG:colcon.colcon_core.shell:Skip shell extension 'dsv' for command environment
[3.514s] DEBUG:colcon.colcon_core.event_handler.log_command:Invoking command in '/home/usernom-b/ros2_ws/src/pid_tank_sim': PYTHONPATH=/home/usernom-b/ros2_ws/build/pid_tank_sim/prefix_override:/usr/lib/python3/dist-packages/colcon_core/task/python/colcon_distutils_commands:/home/usernom-b/ros2_ws/install/pid_tank_sim/lib/python3.12/site-packages:${PYTHONPATH} /usr/bin/python3 -W ignore:setup.py install is deprecated -W ignore:easy_install command is deprecated setup.py egg_info --egg-base ../../build/pid_tank_sim build --build-base /home/usernom-b/ros2_ws/build/pid_tank_sim/build install --record /home/usernom-b/ros2_ws/build/pid_tank_sim/install.log --single-version-externally-managed install_data
[3.524s] DEBUG:colcon.colcon_core.event_handler.log_command:Invoking command in '/home/usernom-b/ros2_ws/build/ekf_slam': PYTHONPATH=/home/usernom-b/ros2_ws/build/ekf_slam/prefix_override:/usr/lib/python3/dist-packages/colcon_core/task/python/colcon_distutils_commands:/home/usernom-b/ros2_ws/install/ekf_slam/lib/python3.12/site-packages:${PYTHONPATH} /usr/bin/python3 -W ignore:setup.py install is deprecated -W ignore:easy_install command is deprecated setup.py develop --uninstall --editable --build-directory /home/usernom-b/ros2_ws/build/ekf_slam/build
[4.526s] DEBUG:colcon.colcon_core.event_handler.log_command:Invoked command in '/home/usernom-b/ros2_ws/build/ekf_slam' returned '0': PYTHONPATH=/home/usernom-b/ros2_ws/build/ekf_slam/prefix_override:/usr/lib/python3/dist-packages/colcon_core/task/python/colcon_distutils_commands:/home/usernom-b/ros2_ws/install/ekf_slam/lib/python3.12/site-packages:${PYTHONPATH} /usr/bin/python3 -W ignore:setup.py install is deprecated -W ignore:easy_install command is deprecated setup.py develop --uninstall --editable --build-directory /home/usernom-b/ros2_ws/build/ekf_slam/build
[4.527s] DEBUG:colcon.colcon_core.event_handler.log_command:Invoking command in '/home/usernom-b/ros2_ws/src/ekf_slam': PYTHONPATH=/home/usernom-b/ros2_ws/build/ekf_slam/prefix_override:/usr/lib/python3/dist-packages/colcon_core/task/python/colcon_distutils_commands:/home/usernom-b/ros2_ws/install/ekf_slam/lib/python3.12/site-packages:${PYTHONPATH} /usr/bin/python3 -W ignore:setup.py install is deprecated -W ignore:easy_install command is deprecated setup.py egg_info --egg-base ../../build/ekf_slam build --build-base /home/usernom-b/ros2_ws/build/ekf_slam/build install --record /home/usernom-b/ros2_ws/build/ekf_slam/install.log --single-version-externally-managed install_data --force
[4.542s] DEBUG:colcon.colcon_core.event_handler.log_command:Invoked command in '/home/usernom-b/ros2_ws/src/pid_tank_sim' returned '0': PYTHONPATH=/home/usernom-b/ros2_ws/build/pid_tank_sim/prefix_override:/usr/lib/python3/dist-packages/colcon_core/task/python/colcon_distutils_commands:/home/usernom-b/ros2_ws/install/pid_tank_sim/lib/python3.12/site-packages:${PYTHONPATH} /usr/bin/python3 -W ignore:setup.py install is deprecated -W ignore:easy_install command is deprecated setup.py egg_info --egg-base ../../build/pid_tank_sim build --build-base /home/usernom-b/ros2_ws/build/pid_tank_sim/build install --record /home/usernom-b/ros2_ws/build/pid_tank_sim/install.log --single-version-externally-managed install_data
[4.555s] Level 1:colcon.colcon_core.environment:checking '/home/usernom-b/ros2_ws/install/pid_tank_sim' for CMake module files
[4.556s] Level 1:colcon.colcon_core.environment:checking '/home/usernom-b/ros2_ws/install/pid_tank_sim' for CMake config files
[4.557s] Level 1:colcon.colcon_core.environment:checking '/home/usernom-b/ros2_ws/install/pid_tank_sim/lib'
[4.558s] Level 1:colcon.colcon_core.environment:checking '/home/usernom-b/ros2_ws/install/pid_tank_sim/bin'
[4.558s] Level 1:colcon.colcon_core.environment:checking '/home/usernom-b/ros2_ws/install/pid_tank_sim/lib/pkgconfig/pid_tank_sim.pc'
[4.558s] Level 1:colcon.colcon_core.environment:checking '/home/usernom-b/ros2_ws/install/pid_tank_sim/lib/python3.12/site-packages'
[4.559s] Level 1:colcon.colcon_core.shell:create_environment_hook('pid_tank_sim', 'pythonpath')
[4.559s] INFO:colcon.colcon_core.shell:Creating environment hook '/home/usernom-b/ros2_ws/install/pid_tank_sim/share/pid_tank_sim/hook/pythonpath.ps1'
[4.560s] INFO:colcon.colcon_core.shell:Creating environment descriptor '/home/usernom-b/ros2_ws/install/pid_tank_sim/share/pid_tank_sim/hook/pythonpath.dsv'
[4.561s] INFO:colcon.colcon_core.shell:Creating environment hook '/home/usernom-b/ros2_ws/install/pid_tank_sim/share/pid_tank_sim/hook/pythonpath.sh'
[4.562s] Level 1:colcon.colcon_core.environment:checking '/home/usernom-b/ros2_ws/install/pid_tank_sim/bin'
[4.562s] Level 1:colcon.colcon_core.environment:create_environment_scripts_only(pid_tank_sim)
[4.563s] INFO:colcon.colcon_core.shell:Creating package script '/home/usernom-b/ros2_ws/install/pid_tank_sim/share/pid_tank_sim/package.ps1'
[4.565s] INFO:colcon.colcon_core.shell:Creating package descriptor '/home/usernom-b/ros2_ws/install/pid_tank_sim/share/pid_tank_sim/package.dsv'
[4.566s] INFO:colcon.colcon_core.shell:Creating package script '/home/usernom-b/ros2_ws/install/pid_tank_sim/share/pid_tank_sim/package.sh'
[4.568s] INFO:colcon.colcon_core.shell:Creating package script '/home/usernom-b/ros2_ws/install/pid_tank_sim/share/pid_tank_sim/package.bash'
[4.569s] INFO:colcon.colcon_core.shell:Creating package script '/home/usernom-b/ros2_ws/install/pid_tank_sim/share/pid_tank_sim/package.zsh'
[4.571s] Level 1:colcon.colcon_core.environment:create_file_with_runtime_dependencies(/home/usernom-b/ros2_ws/install/pid_tank_sim/share/colcon-core/packages/pid_tank_sim)
[5.243s] DEBUG:colcon.colcon_core.event_handler.log_command:Invoked command in '/home/usernom-b/ros2_ws/src/ekf_slam' returned '1': PYTHONPATH=/home/usernom-b/ros2_ws/build/ekf_slam/prefix_override:/usr/lib/python3/dist-packages/colcon_core/task/python/colcon_distutils_commands:/home/usernom-b/ros2_ws/install/ekf_slam/lib/python3.12/site-packages:${PYTHONPATH} /usr/bin/python3 -W ignore:setup.py install is deprecated -W ignore:easy_install command is deprecated setup.py egg_info --egg-base ../../build/ekf_slam build --build-base /home/usernom-b/ros2_ws/build/ekf_slam/build install --record /home/usernom-b/ros2_ws/build/ekf_slam/install.log --single-version-externally-managed install_data --force
[5.252s] DEBUG:colcon.colcon_parallel_executor.executor.parallel:closing loop
[5.253s] DEBUG:colcon.colcon_parallel_executor.executor.parallel:loop closed
[5.253s] DEBUG:colcon.colcon_parallel_executor.executor.parallel:run_until_complete finished with '1'
[5.253s] DEBUG:colcon.colcon_core.event_reactor:joining thread
[5.428s] INFO:colcon.colcon_core.plugin_system:Skipping extension 'colcon_notification.desktop_notification.notify_send': Could not find 'notify-send'
[5.429s] INFO:colcon.colcon_core.plugin_system:Skipping extension 'colcon_notification.desktop_notification.terminal_notifier': Not used on non-Darwin systems
[5.429s] INFO:colcon.colcon_core.plugin_system:Skipping extension 'colcon_notification.desktop_notification.win32': Not used on non-Windows systems
[5.429s] INFO:colcon.colcon_notification.desktop_notification:Sending desktop notification using 'notify2'
[5.433s] DEBUG:colcon.colcon_notification.desktop_notification.notify2:Failed to initialize notify2: org.freedesktop.DBus.Error.ServiceUnknown: The name org.freedesktop.Notifications was not provided by any .service files
[5.433s] DEBUG:colcon.colcon_core.event_reactor:joined thread
[5.434s] INFO:colcon.colcon_core.shell:Creating prefix script '/home/usernom-b/ros2_ws/install/local_setup.ps1'
[5.436s] INFO:colcon.colcon_core.shell:Creating prefix util module '/home/usernom-b/ros2_ws/install/_local_setup_util_ps1.py'
[5.439s] INFO:colcon.colcon_core.shell:Creating prefix chain script '/home/usernom-b/ros2_ws/install/setup.ps1'
[5.442s] INFO:colcon.colcon_core.shell:Creating prefix script '/home/usernom-b/ros2_ws/install/local_setup.sh'
[5.443s] INFO:colcon.colcon_core.shell:Creating prefix util module '/home/usernom-b/ros2_ws/install/_local_setup_util_sh.py'
[5.445s] INFO:colcon.colcon_core.shell:Creating prefix chain script '/home/usernom-b/ros2_ws/install/setup.sh'
[5.448s] INFO:colcon.colcon_core.shell:Creating prefix script '/home/usernom-b/ros2_ws/install/local_setup.bash'
[5.449s] INFO:colcon.colcon_core.shell:Creating prefix chain script '/home/usernom-b/ros2_ws/install/setup.bash'
[5.452s] INFO:colcon.colcon_core.shell:Creating prefix script '/home/usernom-b/ros2_ws/install/local_setup.zsh'
[5.454s] INFO:colcon.colcon_core.shell:Creating prefix chain script '/home/usernom-b/ros2_ws/install/setup.zsh'
