running develop
Removing /home/usernom-b/ros2_ws/install/ekf_slam/lib/python3.12/site-packages/ekf-slam.egg-link (link to .)
running egg_info
writing ../../build/ekf_slam/ekf_slam.egg-info/PKG-INFO
writing dependency_links to ../../build/ekf_slam/ekf_slam.egg-info/dependency_links.txt
writing entry points to ../../build/ekf_slam/ekf_slam.egg-info/entry_points.txt
writing requirements to ../../build/ekf_slam/ekf_slam.egg-info/requires.txt
writing top-level names to ../../build/ekf_slam/ekf_slam.egg-info/top_level.txt
reading manifest file '../../build/ekf_slam/ekf_slam.egg-info/SOURCES.txt'
writing manifest file '../../build/ekf_slam/ekf_slam.egg-info/SOURCES.txt'
running build
running build_py
creating /home/usernom-b/ros2_ws/build/ekf_slam/build
creating /home/usernom-b/ros2_ws/build/ekf_slam/build/lib
creating /home/usernom-b/ros2_ws/build/ekf_slam/build/lib/ekf_slam
copying ekf_slam/__init__.py -> /home/usernom-b/ros2_ws/build/ekf_slam/build/lib/ekf_slam
copying ekf_slam/ekf_slam_node.py -> /home/usernom-b/ros2_ws/build/ekf_slam/build/lib/ekf_slam
running install
running install_lib
creating /home/usernom-b/ros2_ws/install/ekf_slam/lib/python3.12/site-packages/ekf_slam
copying /home/usernom-b/ros2_ws/build/ekf_slam/build/lib/ekf_slam/__init__.py -> /home/usernom-b/ros2_ws/install/ekf_slam/lib/python3.12/site-packages/ekf_slam
copying /home/usernom-b/ros2_ws/build/ekf_slam/build/lib/ekf_slam/ekf_slam_node.py -> /home/usernom-b/ros2_ws/install/ekf_slam/lib/python3.12/site-packages/ekf_slam
byte-compiling /home/usernom-b/ros2_ws/install/ekf_slam/lib/python3.12/site-packages/ekf_slam/__init__.py to __init__.cpython-312.pyc
byte-compiling /home/usernom-b/ros2_ws/install/ekf_slam/lib/python3.12/site-packages/ekf_slam/ekf_slam_node.py to ekf_slam_node.cpython-312.pyc
running install_data
copying resource/ekf_slam -> /home/usernom-b/ros2_ws/install/ekf_slam/share/ament_index/resource_index/packages
copying package.xml -> /home/usernom-b/ros2_ws/install/ekf_slam/share/ekf_slam
creating /home/usernom-b/ros2_ws/install/ekf_slam/share/ekf_slam/launch
error: can't copy 'launch/ekf_slam.launch.py': doesn't exist or not a regular file
