[1.870s] Invoking command in '/home/usernom-b/pid_ws/src/pid_tank_sim': PYTHONPATH=/home/usernom-b/pid_ws/build/pid_tank_sim/prefix_override:/usr/lib/python3/dist-packages/colcon_core/task/python/colcon_distutils_commands:/home/usernom-b/pid_ws/install/pid_tank_sim/lib/python3.12/site-packages:${PYTHONPATH} /usr/bin/python3 -W ignore:setup.py install is deprecated -W ignore:easy_install command is deprecated setup.py egg_info --egg-base ../../build/pid_tank_sim build --build-base /home/usernom-b/pid_ws/build/pid_tank_sim/build install --record /home/usernom-b/pid_ws/build/pid_tank_sim/install.log --install-scripts $base/lib/pid_tank_sim --single-version-externally-managed install_data
[2.468s] running egg_info
[2.505s] writing ../../build/pid_tank_sim/pid_tank_sim.egg-info/PKG-INFO
[2.506s] writing dependency_links to ../../build/pid_tank_sim/pid_tank_sim.egg-info/dependency_links.txt
[2.507s] writing entry points to ../../build/pid_tank_sim/pid_tank_sim.egg-info/entry_points.txt
[2.508s] writing requirements to ../../build/pid_tank_sim/pid_tank_sim.egg-info/requires.txt
[2.508s] writing top-level names to ../../build/pid_tank_sim/pid_tank_sim.egg-info/top_level.txt
[2.597s] reading manifest file '../../build/pid_tank_sim/pid_tank_sim.egg-info/SOURCES.txt'
[2.597s] adding license file 'LICENSE'
[2.598s] writing manifest file '../../build/pid_tank_sim/pid_tank_sim.egg-info/SOURCES.txt'
[2.599s] running build
[2.599s] running build_py
[2.600s] running install
[2.611s] running install_lib
[2.650s] running install_data
[2.650s] copying package.xml -> /home/usernom-b/pid_ws/install/pid_tank_sim/share/pid_tank_sim
[2.653s] running install_egg_info
[2.698s] removing '/home/usernom-b/pid_ws/install/pid_tank_sim/lib/python3.12/site-packages/pid_tank_sim-0.0.1-py3.12.egg-info' (and everything under it)
[2.699s] Copying ../../build/pid_tank_sim/pid_tank_sim.egg-info to /home/usernom-b/pid_ws/install/pid_tank_sim/lib/python3.12/site-packages/pid_tank_sim-0.0.1-py3.12.egg-info
[2.700s] running install_scripts
[2.979s] Installing sim_node script to /home/usernom-b/pid_ws/install/pid_tank_sim/lib/pid_tank_sim
[2.980s] writing list of installed files to '/home/usernom-b/pid_ws/build/pid_tank_sim/install.log'
[3.037s] Invoked command in '/home/usernom-b/pid_ws/src/pid_tank_sim' returned '0': PYTHONPATH=/home/usernom-b/pid_ws/build/pid_tank_sim/prefix_override:/usr/lib/python3/dist-packages/colcon_core/task/python/colcon_distutils_commands:/home/usernom-b/pid_ws/install/pid_tank_sim/lib/python3.12/site-packages:${PYTHONPATH} /usr/bin/python3 -W ignore:setup.py install is deprecated -W ignore:easy_install command is deprecated setup.py egg_info --egg-base ../../build/pid_tank_sim build --build-base /home/usernom-b/pid_ws/build/pid_tank_sim/build install --record /home/usernom-b/pid_ws/build/pid_tank_sim/install.log --install-scripts $base/lib/pid_tank_sim --single-version-externally-managed install_data
