[2.490s] Invoking command in '/home/usernom-b/pid_ws/src/pid_tank_sim': PYTHONPATH=/home/usernom-b/pid_ws/build/pid_tank_sim/prefix_override:/usr/lib/python3/dist-packages/colcon_core/task/python/colcon_distutils_commands:/home/usernom-b/pid_ws/install/pid_tank_sim/lib/python3.12/site-packages:${PYTHONPATH} /usr/bin/python3 -W ignore:setup.py install is deprecated -W ignore:easy_install command is deprecated setup.py egg_info --egg-base ../../build/pid_tank_sim build --build-base /home/usernom-b/pid_ws/build/pid_tank_sim/build install --record /home/usernom-b/pid_ws/build/pid_tank_sim/install.log --install-scripts $base/lib/pid_tank_sim --single-version-externally-managed install_data
[3.086s] running egg_info
[3.124s] writing ../../build/pid_tank_sim/pid_tank_sim.egg-info/PKG-INFO
[3.125s] writing dependency_links to ../../build/pid_tank_sim/pid_tank_sim.egg-info/dependency_links.txt
[3.126s] writing entry points to ../../build/pid_tank_sim/pid_tank_sim.egg-info/entry_points.txt
[3.126s] writing requirements to ../../build/pid_tank_sim/pid_tank_sim.egg-info/requires.txt
[3.126s] writing top-level names to ../../build/pid_tank_sim/pid_tank_sim.egg-info/top_level.txt
[3.204s] reading manifest file '../../build/pid_tank_sim/pid_tank_sim.egg-info/SOURCES.txt'
[3.206s] writing manifest file '../../build/pid_tank_sim/pid_tank_sim.egg-info/SOURCES.txt'
[3.207s] running build
[3.207s] running build_py
[3.208s] running install
[3.220s] running install_lib
[3.263s] running install_data
[3.263s] running install_egg_info
[3.305s] removing '/home/usernom-b/pid_ws/install/pid_tank_sim/lib/python3.12/site-packages/pid_tank_sim-0.0.1-py3.12.egg-info' (and everything under it)
[3.307s] Copying ../../build/pid_tank_sim/pid_tank_sim.egg-info to /home/usernom-b/pid_ws/install/pid_tank_sim/lib/python3.12/site-packages/pid_tank_sim-0.0.1-py3.12.egg-info
[3.310s] running install_scripts
[3.733s] Installing sim_node script to /home/usernom-b/pid_ws/install/pid_tank_sim/lib/pid_tank_sim
[3.734s] writing list of installed files to '/home/usernom-b/pid_ws/build/pid_tank_sim/install.log'
[3.791s] Invoked command in '/home/usernom-b/pid_ws/src/pid_tank_sim' returned '0': PYTHONPATH=/home/usernom-b/pid_ws/build/pid_tank_sim/prefix_override:/usr/lib/python3/dist-packages/colcon_core/task/python/colcon_distutils_commands:/home/usernom-b/pid_ws/install/pid_tank_sim/lib/python3.12/site-packages:${PYTHONPATH} /usr/bin/python3 -W ignore:setup.py install is deprecated -W ignore:easy_install command is deprecated setup.py egg_info --egg-base ../../build/pid_tank_sim build --build-base /home/usernom-b/pid_ws/build/pid_tank_sim/build install --record /home/usernom-b/pid_ws/build/pid_tank_sim/install.log --install-scripts $base/lib/pid_tank_sim --single-version-externally-managed install_data
