running egg_info
creating ../../build/pid_tank_sim/pid_tank_sim.egg-info
writing ../../build/pid_tank_sim/pid_tank_sim.egg-info/PKG-INFO
writing dependency_links to ../../build/pid_tank_sim/pid_tank_sim.egg-info/dependency_links.txt
writing entry points to ../../build/pid_tank_sim/pid_tank_sim.egg-info/entry_points.txt
writing requirements to ../../build/pid_tank_sim/pid_tank_sim.egg-info/requires.txt
writing top-level names to ../../build/pid_tank_sim/pid_tank_sim.egg-info/top_level.txt
writing manifest file '../../build/pid_tank_sim/pid_tank_sim.egg-info/SOURCES.txt'
reading manifest file '../../build/pid_tank_sim/pid_tank_sim.egg-info/SOURCES.txt'
writing manifest file '../../build/pid_tank_sim/pid_tank_sim.egg-info/SOURCES.txt'
running build
running build_py
creating /home/usernom-b/ros2_ws/build/pid_tank_sim/build
creating /home/usernom-b/ros2_ws/build/pid_tank_sim/build/lib
creating /home/usernom-b/ros2_ws/build/pid_tank_sim/build/lib/pid_tank_sim
copying pid_tank_sim/__init__.py -> /home/usernom-b/ros2_ws/build/pid_tank_sim/build/lib/pid_tank_sim
copying pid_tank_sim/sim_node.py -> /home/usernom-b/ros2_ws/build/pid_tank_sim/build/lib/pid_tank_sim
running install
running install_lib
creating /home/usernom-b/ros2_ws/install/pid_tank_sim/lib/python3.12/site-packages/pid_tank_sim
copying /home/usernom-b/ros2_ws/build/pid_tank_sim/build/lib/pid_tank_sim/__init__.py -> /home/usernom-b/ros2_ws/install/pid_tank_sim/lib/python3.12/site-packages/pid_tank_sim
copying /home/usernom-b/ros2_ws/build/pid_tank_sim/build/lib/pid_tank_sim/sim_node.py -> /home/usernom-b/ros2_ws/install/pid_tank_sim/lib/python3.12/site-packages/pid_tank_sim
byte-compiling /home/usernom-b/ros2_ws/install/pid_tank_sim/lib/python3.12/site-packages/pid_tank_sim/__init__.py to __init__.cpython-312.pyc
byte-compiling /home/usernom-b/ros2_ws/install/pid_tank_sim/lib/python3.12/site-packages/pid_tank_sim/sim_node.py to sim_node.cpython-312.pyc
running install_data
creating /home/usernom-b/ros2_ws/install/pid_tank_sim/share/ament_index
creating /home/usernom-b/ros2_ws/install/pid_tank_sim/share/ament_index/resource_index
creating /home/usernom-b/ros2_ws/install/pid_tank_sim/share/ament_index/resource_index/packages
copying resource/pid_tank_sim -> /home/usernom-b/ros2_ws/install/pid_tank_sim/share/ament_index/resource_index/packages
copying package.xml -> /home/usernom-b/ros2_ws/install/pid_tank_sim/share/pid_tank_sim
running install_egg_info
Copying ../../build/pid_tank_sim/pid_tank_sim.egg-info to /home/usernom-b/ros2_ws/install/pid_tank_sim/lib/python3.12/site-packages/pid_tank_sim-0.0.1-py3.12.egg-info
running install_scripts
Installing sim_node script to /home/usernom-b/ros2_ws/install/pid_tank_sim/lib/pid_tank_sim
writing list of installed files to '/home/usernom-b/ros2_ws/build/pid_tank_sim/install.log'
