[2.499s] Invoking command in '/home/usernom-b/ros2_ws/src/pid_tank_sim': PYTHONPATH=/home/usernom-b/ros2_ws/build/pid_tank_sim/prefix_override:/usr/lib/python3/dist-packages/colcon_core/task/python/colcon_distutils_commands:/home/usernom-b/ros2_ws/install/pid_tank_sim/lib/python3.12/site-packages:${PYTHONPATH} /usr/bin/python3 -W ignore:setup.py install is deprecated -W ignore:easy_install command is deprecated setup.py egg_info --egg-base ../../build/pid_tank_sim build --build-base /home/usernom-b/ros2_ws/build/pid_tank_sim/build install --record /home/usernom-b/ros2_ws/build/pid_tank_sim/install.log --single-version-externally-managed install_data
[3.010s] running egg_info
[3.011s] creating ../../build/pid_tank_sim/pid_tank_sim.egg-info
[3.046s] writing ../../build/pid_tank_sim/pid_tank_sim.egg-info/PKG-INFO
[3.047s] writing dependency_links to ../../build/pid_tank_sim/pid_tank_sim.egg-info/dependency_links.txt
[3.047s] writing entry points to ../../build/pid_tank_sim/pid_tank_sim.egg-info/entry_points.txt
[3.048s] writing requirements to ../../build/pid_tank_sim/pid_tank_sim.egg-info/requires.txt
[3.048s] writing top-level names to ../../build/pid_tank_sim/pid_tank_sim.egg-info/top_level.txt
[3.048s] writing manifest file '../../build/pid_tank_sim/pid_tank_sim.egg-info/SOURCES.txt'
[3.119s] reading manifest file '../../build/pid_tank_sim/pid_tank_sim.egg-info/SOURCES.txt'
[3.120s] writing manifest file '../../build/pid_tank_sim/pid_tank_sim.egg-info/SOURCES.txt'
[3.120s] running build
[3.121s] running build_py
[3.121s] creating /home/usernom-b/ros2_ws/build/pid_tank_sim/build
[3.121s] creating /home/usernom-b/ros2_ws/build/pid_tank_sim/build/lib
[3.121s] creating /home/usernom-b/ros2_ws/build/pid_tank_sim/build/lib/pid_tank_sim
[3.121s] copying pid_tank_sim/__init__.py -> /home/usernom-b/ros2_ws/build/pid_tank_sim/build/lib/pid_tank_sim
[3.122s] copying pid_tank_sim/sim_node.py -> /home/usernom-b/ros2_ws/build/pid_tank_sim/build/lib/pid_tank_sim
[3.122s] running install
[3.135s] running install_lib
[3.170s] creating /home/usernom-b/ros2_ws/install/pid_tank_sim/lib/python3.12/site-packages/pid_tank_sim
[3.171s] copying /home/usernom-b/ros2_ws/build/pid_tank_sim/build/lib/pid_tank_sim/__init__.py -> /home/usernom-b/ros2_ws/install/pid_tank_sim/lib/python3.12/site-packages/pid_tank_sim
[3.171s] copying /home/usernom-b/ros2_ws/build/pid_tank_sim/build/lib/pid_tank_sim/sim_node.py -> /home/usernom-b/ros2_ws/install/pid_tank_sim/lib/python3.12/site-packages/pid_tank_sim
[3.173s] byte-compiling /home/usernom-b/ros2_ws/install/pid_tank_sim/lib/python3.12/site-packages/pid_tank_sim/__init__.py to __init__.cpython-312.pyc
[3.174s] byte-compiling /home/usernom-b/ros2_ws/install/pid_tank_sim/lib/python3.12/site-packages/pid_tank_sim/sim_node.py to sim_node.cpython-312.pyc
[3.178s] running install_data
[3.178s] creating /home/usernom-b/ros2_ws/install/pid_tank_sim/share/ament_index
[3.179s] creating /home/usernom-b/ros2_ws/install/pid_tank_sim/share/ament_index/resource_index
[3.179s] creating /home/usernom-b/ros2_ws/install/pid_tank_sim/share/ament_index/resource_index/packages
[3.179s] copying resource/pid_tank_sim -> /home/usernom-b/ros2_ws/install/pid_tank_sim/share/ament_index/resource_index/packages
[3.180s] copying package.xml -> /home/usernom-b/ros2_ws/install/pid_tank_sim/share/pid_tank_sim
[3.180s] running install_egg_info
[3.217s] Copying ../../build/pid_tank_sim/pid_tank_sim.egg-info to /home/usernom-b/ros2_ws/install/pid_tank_sim/lib/python3.12/site-packages/pid_tank_sim-0.0.1-py3.12.egg-info
[3.219s] running install_scripts
[3.472s] Installing sim_node script to /home/usernom-b/ros2_ws/install/pid_tank_sim/lib/pid_tank_sim
[3.473s] writing list of installed files to '/home/usernom-b/ros2_ws/build/pid_tank_sim/install.log'
[3.527s] Invoked command in '/home/usernom-b/ros2_ws/src/pid_tank_sim' returned '0': PYTHONPATH=/home/usernom-b/ros2_ws/build/pid_tank_sim/prefix_override:/usr/lib/python3/dist-packages/colcon_core/task/python/colcon_distutils_commands:/home/usernom-b/ros2_ws/install/pid_tank_sim/lib/python3.12/site-packages:${PYTHONPATH} /usr/bin/python3 -W ignore:setup.py install is deprecated -W ignore:easy_install command is deprecated setup.py egg_info --egg-base ../../build/pid_tank_sim build --build-base /home/usernom-b/ros2_ws/build/pid_tank_sim/build install --record /home/usernom-b/ros2_ws/build/pid_tank_sim/install.log --single-version-externally-managed install_data
