running egg_info
writing ../../build/pid_tank_sim/pid_tank_sim.egg-info/PKG-INFO
writing dependency_links to ../../build/pid_tank_sim/pid_tank_sim.egg-info/dependency_links.txt
writing entry points to ../../build/pid_tank_sim/pid_tank_sim.egg-info/entry_points.txt
writing requirements to ../../build/pid_tank_sim/pid_tank_sim.egg-info/requires.txt
writing top-level names to ../../build/pid_tank_sim/pid_tank_sim.egg-info/top_level.txt
reading manifest file '../../build/pid_tank_sim/pid_tank_sim.egg-info/SOURCES.txt'
writing manifest file '../../build/pid_tank_sim/pid_tank_sim.egg-info/SOURCES.txt'
running build
running build_py
copying pid_tank_sim/sim_node.py -> /home/usernom-b/pid_ws/build/pid_tank_sim/build/lib/pid_tank_sim
running install
running install_lib
copying /home/usernom-b/pid_ws/build/pid_tank_sim/build/lib/pid_tank_sim/sim_node.py -> /home/usernom-b/pid_ws/install/pid_tank_sim/lib/python3.12/site-packages/pid_tank_sim
byte-compiling /home/usernom-b/pid_ws/install/pid_tank_sim/lib/python3.12/site-packages/pid_tank_sim/sim_node.py to sim_node.cpython-312.pyc
running install_data
running install_egg_info
removing '/home/usernom-b/pid_ws/install/pid_tank_sim/lib/python3.12/site-packages/pid_tank_sim-0.0.1-py3.12.egg-info' (and everything under it)
Copying ../../build/pid_tank_sim/pid_tank_sim.egg-info to /home/usernom-b/pid_ws/install/pid_tank_sim/lib/python3.12/site-packages/pid_tank_sim-0.0.1-py3.12.egg-info
running install_scripts
Installing sim_node script to /home/usernom-b/pid_ws/install/pid_tank_sim/lib/pid_tank_sim
writing list of installed files to '/home/usernom-b/pid_ws/build/pid_tank_sim/install.log'
