[2.381s] Invoking command in '/home/usernom-b/pid_ws/src/pid_tank_sim': PYTHONPATH=/home/usernom-b/pid_ws/build/pid_tank_sim/prefix_override:/usr/lib/python3/dist-packages/colcon_core/task/python/colcon_distutils_commands:/home/usernom-b/pid_ws/install/pid_tank_sim/lib/python3.12/site-packages:${PYTHONPATH} /usr/bin/python3 -W ignore:setup.py install is deprecated -W ignore:easy_install command is deprecated setup.py egg_info --egg-base ../../build/pid_tank_sim build --build-base /home/usernom-b/pid_ws/build/pid_tank_sim/build install --record /home/usernom-b/pid_ws/build/pid_tank_sim/install.log --install-scripts $base/lib/pid_tank_sim --single-version-externally-managed install_data
[3.102s] running egg_info
[3.149s] writing ../../build/pid_tank_sim/pid_tank_sim.egg-info/PKG-INFO
[3.150s] writing dependency_links to ../../build/pid_tank_sim/pid_tank_sim.egg-info/dependency_links.txt
[3.150s] writing entry points to ../../build/pid_tank_sim/pid_tank_sim.egg-info/entry_points.txt
[3.150s] writing requirements to ../../build/pid_tank_sim/pid_tank_sim.egg-info/requires.txt
[3.151s] writing top-level names to ../../build/pid_tank_sim/pid_tank_sim.egg-info/top_level.txt
[3.260s] reading manifest file '../../build/pid_tank_sim/pid_tank_sim.egg-info/SOURCES.txt'
[3.262s] writing manifest file '../../build/pid_tank_sim/pid_tank_sim.egg-info/SOURCES.txt'
[3.263s] running build
[3.263s] running build_py
[3.264s] copying pid_tank_sim/sim_node.py -> /home/usernom-b/pid_ws/build/pid_tank_sim/build/lib/pid_tank_sim
[3.264s] running install
[3.277s] running install_lib
[3.326s] copying /home/usernom-b/pid_ws/build/pid_tank_sim/build/lib/pid_tank_sim/sim_node.py -> /home/usernom-b/pid_ws/install/pid_tank_sim/lib/python3.12/site-packages/pid_tank_sim
[3.329s] byte-compiling /home/usernom-b/pid_ws/install/pid_tank_sim/lib/python3.12/site-packages/pid_tank_sim/sim_node.py to sim_node.cpython-312.pyc
[3.336s] running install_data
[3.337s] running install_egg_info
[3.390s] removing '/home/usernom-b/pid_ws/install/pid_tank_sim/lib/python3.12/site-packages/pid_tank_sim-0.0.1-py3.12.egg-info' (and everything under it)
[3.392s] Copying ../../build/pid_tank_sim/pid_tank_sim.egg-info to /home/usernom-b/pid_ws/install/pid_tank_sim/lib/python3.12/site-packages/pid_tank_sim-0.0.1-py3.12.egg-info
[3.394s] running install_scripts
[3.726s] Installing sim_node script to /home/usernom-b/pid_ws/install/pid_tank_sim/lib/pid_tank_sim
[3.726s] writing list of installed files to '/home/usernom-b/pid_ws/build/pid_tank_sim/install.log'
[3.807s] Invoked command in '/home/usernom-b/pid_ws/src/pid_tank_sim' returned '0': PYTHONPATH=/home/usernom-b/pid_ws/build/pid_tank_sim/prefix_override:/usr/lib/python3/dist-packages/colcon_core/task/python/colcon_distutils_commands:/home/usernom-b/pid_ws/install/pid_tank_sim/lib/python3.12/site-packages:${PYTHONPATH} /usr/bin/python3 -W ignore:setup.py install is deprecated -W ignore:easy_install command is deprecated setup.py egg_info --egg-base ../../build/pid_tank_sim build --build-base /home/usernom-b/pid_ws/build/pid_tank_sim/build install --record /home/usernom-b/pid_ws/build/pid_tank_sim/install.log --install-scripts $base/lib/pid_tank_sim --single-version-externally-managed install_data
